nohup: ignoring input
Device cuda | X (590540, 445) | train/val/test [354324, 118108, 118108]
Sequence check L=0: 0 violations | mean history 0.00
Sequence check L=8: 0 violations | mean history 7.41
Sequence check L=16: 0 violations | mean history 14.27
  xgb {'max_depth': 6, 'colsample_bytree': 0.5} -> val PR-AUC 0.6197 (1296 rounds)
  xgb {'max_depth': 6, 'colsample_bytree': 0.8} -> val PR-AUC 0.6183 (1298 rounds)
  xgb {'max_depth': 8, 'colsample_bytree': 0.5} -> val PR-AUC 0.6233 (673 rounds)
  xgb {'max_depth': 8, 'colsample_bytree': 0.8} -> val PR-AUC 0.6224 (692 rounds)
  xgb {'max_depth': 10, 'colsample_bytree': 0.5} -> val PR-AUC 0.6167 (386 rounds)
  xgb {'max_depth': 10, 'colsample_bytree': 0.8} -> val PR-AUC 0.6168 (541 rounds)
  lstm L=0 seed=42 ep1: val PR-AUC 0.3532 (1s)
  lstm L=0 seed=42 ep2: val PR-AUC 0.4160 (1s)
  lstm L=0 seed=42 ep3: val PR-AUC 0.4214 (0s)
  lstm L=0 seed=42 ep4: val PR-AUC 0.4313 (0s)
  lstm L=0 seed=42 ep5: val PR-AUC 0.4333 (0s)
  lstm L=0 seed=42 ep6: val PR-AUC 0.4412 (0s)
  lstm L=0 seed=42 ep7: val PR-AUC 0.4442 (0s)
  lstm L=0 seed=42 ep8: val PR-AUC 0.4309 (0s)
  lstm L=0 seed=42 ep9: val PR-AUC 0.4415 (0s)
  lstm L=0 seed=42 ep10: val PR-AUC 0.4327 (0s)
  lstm L=0 seed=42 ep11: val PR-AUC 0.4428 (0s)
  lstm L=8 seed=42 ep1: val PR-AUC 0.3471 (1s)
  lstm L=8 seed=42 ep2: val PR-AUC 0.3950 (1s)
  lstm L=8 seed=42 ep3: val PR-AUC 0.4147 (1s)
  lstm L=8 seed=42 ep4: val PR-AUC 0.4005 (1s)
  lstm L=8 seed=42 ep5: val PR-AUC 0.4214 (1s)
  lstm L=8 seed=42 ep6: val PR-AUC 0.4309 (1s)
  lstm L=8 seed=42 ep7: val PR-AUC 0.4327 (1s)
  lstm L=8 seed=42 ep8: val PR-AUC 0.4342 (1s)
  lstm L=8 seed=42 ep9: val PR-AUC 0.4419 (1s)
  lstm L=8 seed=42 ep10: val PR-AUC 0.4243 (1s)
  lstm L=8 seed=42 ep11: val PR-AUC 0.4446 (1s)
  lstm L=8 seed=42 ep12: val PR-AUC 0.4289 (1s)
  lstm L=8 seed=42 ep13: val PR-AUC 0.4491 (1s)
  lstm L=8 seed=42 ep14: val PR-AUC 0.4320 (1s)
  lstm L=8 seed=42 ep15: val PR-AUC 0.4349 (1s)
  lstm L=8 seed=42 ep16: val PR-AUC 0.4600 (1s)
  lstm L=8 seed=42 ep17: val PR-AUC 0.4439 (1s)
  lstm L=8 seed=42 ep18: val PR-AUC 0.4456 (1s)
  lstm L=8 seed=42 ep19: val PR-AUC 0.4413 (1s)
  lstm L=8 seed=42 ep20: val PR-AUC 0.4571 (1s)
  lstm L=16 seed=42 ep1: val PR-AUC 0.3507 (1s)
  lstm L=16 seed=42 ep2: val PR-AUC 0.4000 (1s)
  lstm L=16 seed=42 ep3: val PR-AUC 0.4198 (1s)
  lstm L=16 seed=42 ep4: val PR-AUC 0.4029 (1s)
  lstm L=16 seed=42 ep5: val PR-AUC 0.4254 (1s)
  lstm L=16 seed=42 ep6: val PR-AUC 0.4329 (1s)
  lstm L=16 seed=42 ep7: val PR-AUC 0.4375 (1s)
  lstm L=16 seed=42 ep8: val PR-AUC 0.4276 (1s)
  lstm L=16 seed=42 ep9: val PR-AUC 0.4446 (1s)
  lstm L=16 seed=42 ep10: val PR-AUC 0.4329 (1s)
  lstm L=16 seed=42 ep11: val PR-AUC 0.4494 (1s)
  lstm L=16 seed=42 ep12: val PR-AUC 0.4187 (1s)
  lstm L=16 seed=42 ep13: val PR-AUC 0.4470 (1s)
  lstm L=16 seed=42 ep14: val PR-AUC 0.4367 (1s)
  lstm L=16 seed=42 ep15: val PR-AUC 0.4391 (1s)
  lstm L=8 seed=43 ep1: val PR-AUC 0.3471 (1s)
  lstm L=8 seed=43 ep2: val PR-AUC 0.3934 (1s)
  lstm L=8 seed=43 ep3: val PR-AUC 0.4231 (1s)
  lstm L=8 seed=43 ep4: val PR-AUC 0.4106 (1s)
  lstm L=8 seed=43 ep5: val PR-AUC 0.4189 (1s)
  lstm L=8 seed=43 ep6: val PR-AUC 0.4338 (1s)
  lstm L=8 seed=43 ep7: val PR-AUC 0.4346 (1s)
  lstm L=8 seed=43 ep8: val PR-AUC 0.4461 (1s)
  lstm L=8 seed=43 ep9: val PR-AUC 0.4485 (1s)
  lstm L=8 seed=43 ep10: val PR-AUC 0.4495 (1s)
  lstm L=8 seed=43 ep11: val PR-AUC 0.4422 (1s)
  lstm L=8 seed=43 ep12: val PR-AUC 0.4493 (1s)
  lstm L=8 seed=43 ep13: val PR-AUC 0.4414 (1s)
  lstm L=8 seed=43 ep14: val PR-AUC 0.4574 (1s)
  lstm L=8 seed=43 ep15: val PR-AUC 0.4526 (1s)
  lstm L=8 seed=43 ep16: val PR-AUC 0.4576 (1s)
  lstm L=8 seed=43 ep17: val PR-AUC 0.4441 (1s)
  lstm L=8 seed=43 ep18: val PR-AUC 0.4576 (1s)
  lstm L=8 seed=43 ep19: val PR-AUC 0.4463 (1s)
  lstm L=8 seed=43 ep20: val PR-AUC 0.4611 (1s)
  lstm L=8 seed=43 ep21: val PR-AUC 0.4599 (1s)
  lstm L=8 seed=43 ep22: val PR-AUC 0.4582 (1s)
  lstm L=8 seed=43 ep23: val PR-AUC 0.4664 (1s)
  lstm L=8 seed=43 ep24: val PR-AUC 0.4457 (1s)
  lstm L=8 seed=43 ep25: val PR-AUC 0.4534 (1s)
  lstm L=8 seed=43 ep26: val PR-AUC 0.4435 (1s)
  lstm L=8 seed=43 ep27: val PR-AUC 0.4559 (1s)
  lstm L=8 seed=44 ep1: val PR-AUC 0.3521 (1s)
  lstm L=8 seed=44 ep2: val PR-AUC 0.3906 (1s)
  lstm L=8 seed=44 ep3: val PR-AUC 0.4207 (1s)
  lstm L=8 seed=44 ep4: val PR-AUC 0.4195 (1s)
  lstm L=8 seed=44 ep5: val PR-AUC 0.4225 (1s)
  lstm L=8 seed=44 ep6: val PR-AUC 0.4345 (1s)
  lstm L=8 seed=44 ep7: val PR-AUC 0.4279 (1s)
  lstm L=8 seed=44 ep8: val PR-AUC 0.4366 (1s)
  lstm L=8 seed=44 ep9: val PR-AUC 0.4428 (1s)
  lstm L=8 seed=44 ep10: val PR-AUC 0.4420 (1s)
  lstm L=8 seed=44 ep11: val PR-AUC 0.4498 (1s)
  lstm L=8 seed=44 ep12: val PR-AUC 0.4488 (1s)
  lstm L=8 seed=44 ep13: val PR-AUC 0.4327 (1s)
  lstm L=8 seed=44 ep14: val PR-AUC 0.4452 (1s)
  lstm L=8 seed=44 ep15: val PR-AUC 0.4361 (1s)
lstm: selected L=8 (val PR-AUC 0.4600)
  transformer L=0 seed=42 ep1: val PR-AUC 0.4119 (1s)
  transformer L=0 seed=42 ep2: val PR-AUC 0.4133 (1s)
  transformer L=0 seed=42 ep3: val PR-AUC 0.4252 (1s)
  transformer L=0 seed=42 ep4: val PR-AUC 0.4313 (1s)
  transformer L=0 seed=42 ep5: val PR-AUC 0.4322 (1s)
  transformer L=0 seed=42 ep6: val PR-AUC 0.4273 (1s)
  transformer L=0 seed=42 ep7: val PR-AUC 0.4458 (1s)
  transformer L=0 seed=42 ep8: val PR-AUC 0.4219 (1s)
  transformer L=0 seed=42 ep9: val PR-AUC 0.4445 (1s)
  transformer L=0 seed=42 ep10: val PR-AUC 0.4356 (1s)
  transformer L=0 seed=42 ep11: val PR-AUC 0.4509 (1s)
  transformer L=0 seed=42 ep12: val PR-AUC 0.4461 (1s)
  transformer L=0 seed=42 ep13: val PR-AUC 0.4447 (1s)
  transformer L=0 seed=42 ep14: val PR-AUC 0.4386 (1s)
  transformer L=0 seed=42 ep15: val PR-AUC 0.4513 (1s)
  transformer L=0 seed=42 ep16: val PR-AUC 0.4543 (1s)
  transformer L=0 seed=42 ep17: val PR-AUC 0.4535 (1s)
  transformer L=0 seed=42 ep18: val PR-AUC 0.4495 (1s)
  transformer L=0 seed=42 ep19: val PR-AUC 0.4537 (1s)
  transformer L=0 seed=42 ep20: val PR-AUC 0.4536 (1s)
  transformer L=8 seed=42 ep1: val PR-AUC 0.3848 (1s)
  transformer L=8 seed=42 ep2: val PR-AUC 0.4201 (1s)
  transformer L=8 seed=42 ep3: val PR-AUC 0.4142 (1s)
  transformer L=8 seed=42 ep4: val PR-AUC 0.4347 (1s)
  transformer L=8 seed=42 ep5: val PR-AUC 0.4316 (1s)
  transformer L=8 seed=42 ep6: val PR-AUC 0.4384 (1s)
  transformer L=8 seed=42 ep7: val PR-AUC 0.4625 (1s)
  transformer L=8 seed=42 ep8: val PR-AUC 0.4494 (1s)
  transformer L=8 seed=42 ep9: val PR-AUC 0.4640 (1s)
  transformer L=8 seed=42 ep10: val PR-AUC 0.4533 (1s)
  transformer L=8 seed=42 ep11: val PR-AUC 0.4536 (1s)
  transformer L=8 seed=42 ep12: val PR-AUC 0.4391 (1s)
  transformer L=8 seed=42 ep13: val PR-AUC 0.4605 (1s)
  transformer L=16 seed=42 ep1: val PR-AUC 0.3465 (3s)
  transformer L=16 seed=42 ep2: val PR-AUC 0.4211 (3s)
  transformer L=16 seed=42 ep3: val PR-AUC 0.4114 (3s)
  transformer L=16 seed=42 ep4: val PR-AUC 0.4457 (3s)
  transformer L=16 seed=42 ep5: val PR-AUC 0.4299 (3s)
  transformer L=16 seed=42 ep6: val PR-AUC 0.4406 (3s)
  transformer L=16 seed=42 ep7: val PR-AUC 0.4408 (3s)
  transformer L=16 seed=42 ep8: val PR-AUC 0.4493 (3s)
  transformer L=16 seed=42 ep9: val PR-AUC 0.4572 (3s)
  transformer L=16 seed=42 ep10: val PR-AUC 0.4593 (3s)
  transformer L=16 seed=42 ep11: val PR-AUC 0.4677 (3s)
  transformer L=16 seed=42 ep12: val PR-AUC 0.4569 (3s)
  transformer L=16 seed=42 ep13: val PR-AUC 0.4649 (3s)
  transformer L=16 seed=42 ep14: val PR-AUC 0.4497 (3s)
  transformer L=16 seed=42 ep15: val PR-AUC 0.4699 (3s)
  transformer L=16 seed=42 ep16: val PR-AUC 0.4659 (3s)
  transformer L=16 seed=42 ep17: val PR-AUC 0.4536 (3s)
  transformer L=16 seed=42 ep18: val PR-AUC 0.4578 (3s)
  transformer L=16 seed=42 ep19: val PR-AUC 0.4662 (3s)
  transformer L=16 seed=43 ep1: val PR-AUC 0.3979 (3s)
  transformer L=16 seed=43 ep2: val PR-AUC 0.4317 (3s)
  transformer L=16 seed=43 ep3: val PR-AUC 0.4345 (3s)
  transformer L=16 seed=43 ep4: val PR-AUC 0.4389 (3s)
  transformer L=16 seed=43 ep5: val PR-AUC 0.4344 (3s)
  transformer L=16 seed=43 ep6: val PR-AUC 0.4406 (3s)
  transformer L=16 seed=43 ep7: val PR-AUC 0.4538 (3s)
  transformer L=16 seed=43 ep8: val PR-AUC 0.4563 (3s)
  transformer L=16 seed=43 ep9: val PR-AUC 0.4653 (3s)
  transformer L=16 seed=43 ep10: val PR-AUC 0.4672 (3s)
  transformer L=16 seed=43 ep11: val PR-AUC 0.4462 (3s)
  transformer L=16 seed=43 ep12: val PR-AUC 0.4611 (3s)
  transformer L=16 seed=43 ep13: val PR-AUC 0.4528 (3s)
  transformer L=16 seed=43 ep14: val PR-AUC 0.4705 (3s)
  transformer L=16 seed=43 ep15: val PR-AUC 0.4548 (3s)
  transformer L=16 seed=43 ep16: val PR-AUC 0.4737 (3s)
  transformer L=16 seed=43 ep17: val PR-AUC 0.4718 (3s)
  transformer L=16 seed=43 ep18: val PR-AUC 0.4640 (3s)
  transformer L=16 seed=43 ep19: val PR-AUC 0.4484 (3s)
  transformer L=16 seed=43 ep20: val PR-AUC 0.4488 (3s)
  transformer L=16 seed=44 ep1: val PR-AUC 0.3846 (3s)
  transformer L=16 seed=44 ep2: val PR-AUC 0.4107 (3s)
  transformer L=16 seed=44 ep3: val PR-AUC 0.4145 (3s)
  transformer L=16 seed=44 ep4: val PR-AUC 0.4334 (3s)
  transformer L=16 seed=44 ep5: val PR-AUC 0.4433 (3s)
  transformer L=16 seed=44 ep6: val PR-AUC 0.4336 (3s)
  transformer L=16 seed=44 ep7: val PR-AUC 0.4490 (3s)
  transformer L=16 seed=44 ep8: val PR-AUC 0.4464 (3s)
  transformer L=16 seed=44 ep9: val PR-AUC 0.4432 (3s)
  transformer L=16 seed=44 ep10: val PR-AUC 0.4651 (3s)
  transformer L=16 seed=44 ep11: val PR-AUC 0.4628 (3s)
  transformer L=16 seed=44 ep12: val PR-AUC 0.4605 (3s)
  transformer L=16 seed=44 ep13: val PR-AUC 0.4705 (3s)
  transformer L=16 seed=44 ep14: val PR-AUC 0.4498 (3s)
  transformer L=16 seed=44 ep15: val PR-AUC 0.4515 (3s)
  transformer L=16 seed=44 ep16: val PR-AUC 0.4587 (3s)
  transformer L=16 seed=44 ep17: val PR-AUC 0.4451 (3s)
transformer: selected L=16 (val PR-AUC 0.4699)

VALIDATION summary (no test inference in this step; ± = seed spread, not a CI):
  xgb          val PR-AUC 0.6196 ± 0.0032
  lstm         val PR-AUC 0.4587 ± 0.0084  (L=8)
  transformer  val PR-AUC 0.4714 ± 0.0020  (L=16)
