nohup: ignoring input
Phase A | train 354,324 val 118,108 test 118,108 | no test-label file read
  no-edges seed=43 step 100: loss 0.8241 | val PR-AUC 0.4475 (best 0.4492, 4s)
  no-edges seed=43 step 200: loss 0.7417 | val PR-AUC 0.4666 (best 0.4696, 7s)
  no-edges seed=43 step 300: loss 0.6846 | val PR-AUC 0.4722 (best 0.4743, 10s)
  no-edges seed=43 step 400: loss 0.6349 | val PR-AUC 0.4712 (best 0.4761, 13s)
  no-edges seed=43 step 500: loss 0.6046 | val PR-AUC 0.4743 (best 0.4761, 17s)
  no-edges seed=43 step 600: loss 0.5886 | val PR-AUC 0.4630 (best 0.4761, 20s)
  no-edge GNN seed 43: val PR-AUC 0.4761
  no-edges seed=44 step 100: loss 0.8232 | val PR-AUC 0.4450 (best 0.4450, 3s)
  no-edges seed=44 step 200: loss 0.7411 | val PR-AUC 0.4654 (best 0.4695, 6s)
  no-edges seed=44 step 300: loss 0.6857 | val PR-AUC 0.4719 (best 0.4719, 10s)
  no-edges seed=44 step 400: loss 0.6699 | val PR-AUC 0.4717 (best 0.4768, 13s)
  no-edges seed=44 step 500: loss 0.6157 | val PR-AUC 0.4726 (best 0.4768, 16s)
  no-edges seed=44 step 600: loss 0.5782 | val PR-AUC 0.4689 (best 0.4768, 19s)
  no-edge GNN seed 44: val PR-AUC 0.4768
  sequence/tabular test predictions done (53s)
/workspace/step03_gnn.py:150: UserWarning: Sparse invariant checks are implicitly disabled. Memory errors (e.g. SEGFAULT) will occur when operating on a sparse tensor which violates the invariants, but checks incur performance overhead. To silence this warning, explicitly opt in or out. See `torch.sparse.check_sparse_tensor_invariants.__doc__` for guidance.  (Triggered internally at /__w/pytorch/pytorch/aten/src/ATen/Context.cpp:848.)
  A = torch.sparse_coo_tensor(torch.from_numpy(np.stack([dst, src])),
  GNN test predictions done (70s)
    EG first batch: peak GPU 9.12 GB | est. 1.3 min for 118,108 rows
    EG first batch: peak GPU 11.63 GB | est. 1.2 min for 118,108 rows
Phase A sealed: test_predictions.npz sha256 d278b38c07af4493 (232s)
  bootstrap 0/2000
  bootstrap 500/2000
  bootstrap 1000/2000
  bootstrap 1500/2000

TEST RESULTS (primary: PR-AUC; 95% CI = cluster bootstrap over card keys)
  xgb_seed44                 PR-AUC 0.5070 [0.4524, 0.5613]  ROC 0.8897  F1 0.493  ECE(platt) 0.0040
  learned_gate_plus_A        PR-AUC 0.5053 [0.4508, 0.5587]  ROC 0.8948  F1 0.495  ECE(platt) 0.0051
  learned_gate               PR-AUC 0.5046 [0.4503, 0.5579]  ROC 0.8945  F1 0.495  ECE(platt) 0.0051
  sgae_tuned                 PR-AUC 0.5045 [0.4507, 0.5578]  ROC 0.8939  F1 0.494  ECE(platt) 0.0047
  stacking                   PR-AUC 0.5039 [0.4503, 0.5570]  ROC 0.8944  F1 0.495  ECE(platt) 0.0049
  tuned_constant             PR-AUC 0.5027 [0.4481, 0.5566]  ROC 0.8946  F1 0.494  ECE(platt) 0.0050
  xgb_seed42                 PR-AUC 0.5025 [0.4485, 0.5549]  ROC 0.8914  F1 0.497  ECE(platt) 0.0043
  xgb_only                   PR-AUC 0.5025 [0.4485, 0.5549]  ROC 0.8914  F1 0.497  ECE(platt) 0.0043
  xgb_seed43                 PR-AUC 0.5018 [0.4476, 0.5560]  ROC 0.8898  F1 0.493  ECE(platt) 0.0042
  equal_weight               PR-AUC 0.4783 [0.4213, 0.5347]  ROC 0.8874  F1 0.473  ECE(platt) 0.0059
  confidence_gate            PR-AUC 0.4749 [0.4185, 0.5330]  ROC 0.8880  F1 0.468  ECE(platt) 0.0071
  static_v1_0.6              PR-AUC 0.4626 [0.4064, 0.5209]  ROC 0.8833  F1 0.470  ECE(platt) 0.0062
  sgae_v1_weighting_rule     PR-AUC 0.4445 [0.3870, 0.5033]  ROC 0.8789  F1 0.455  ECE(platt) 0.0066
  gnn_noedges_seed42         PR-AUC 0.3926 [0.3376, 0.4471]  ROC 0.8430  F1 0.410  ECE(platt) 0.0082
  gnn_noedges_seed44         PR-AUC 0.3882 [0.3342, 0.4447]  ROC 0.8330  F1 0.400  ECE(platt) 0.0073
  gnn_noedges_seed43         PR-AUC 0.3870 [0.3297, 0.4449]  ROC 0.8346  F1 0.404  ECE(platt) 0.0078
  transformer_selL_seed42    PR-AUC 0.3848 [0.3287, 0.4424]  ROC 0.8320  F1 0.418  ECE(platt) 0.0112
  transformer_selL_seed44    PR-AUC 0.3794 [0.3223, 0.4385]  ROC 0.8286  F1 0.402  ECE(platt) 0.0095
  transformer_selL_seed43    PR-AUC 0.3785 [0.3206, 0.4377]  ROC 0.8353  F1 0.401  ECE(platt) 0.0059
  gnn_seed43                 PR-AUC 0.3761 [0.3183, 0.4356]  ROC 0.8364  F1 0.391  ECE(platt) 0.0071
  gnn_seed42                 PR-AUC 0.3758 [0.3188, 0.4345]  ROC 0.8320  F1 0.388  ECE(platt) 0.0071
  gnn_seed44                 PR-AUC 0.3711 [0.3127, 0.4311]  ROC 0.8308  F1 0.382  ECE(platt) 0.0072
  transformer_L0_seed42      PR-AUC 0.3682 [0.3147, 0.4256]  ROC 0.8333  F1 0.374  ECE(platt) 0.0097
  lstm_selL_seed43           PR-AUC 0.3531 [0.2932, 0.4165]  ROC 0.8354  F1 0.382  ECE(platt) 0.0069
  lstm_selL_seed42           PR-AUC 0.3529 [0.2920, 0.4179]  ROC 0.8401  F1 0.380  ECE(platt) 0.0075
  lstm_only                  PR-AUC 0.3529 [0.2920, 0.4179]  ROC 0.8401  F1 0.380  ECE(platt) 0.0075
  lstm_selL_seed44           PR-AUC 0.3423 [0.2819, 0.4058]  ROC 0.8433  F1 0.354  ECE(platt) 0.0085
  lstm_L0_seed42             PR-AUC 0.3357 [0.2788, 0.3968]  ROC 0.8362  F1 0.343  ECE(platt) 0.0113

DECLARED COMPARISONS (PR-AUC difference, Holm-adjusted p):
  sgae_tuned - xgb_only                            +0.0020 [-0.0027, +0.0074]  p_holm 1.0000
  sgae_tuned - tuned_constant                      +0.0018 [-0.0009, +0.0050]  p_holm 0.9340
  sgae_tuned - learned_gate                        -0.0001 [-0.0035, +0.0039]  p_holm 1.0000
  sgae_tuned - stacking                            +0.0006 [-0.0033, +0.0050]  p_holm 1.0000
  sgae_tuned - sgae_v1_weighting_rule              +0.0601 [+0.0417, +0.0803]  p_holm 0.0000
  gnn_seed42 - gnn_noedges_seed42                  -0.0167 [-0.0311, -0.0017]  p_holm 0.1560
  gnn_seed42 - xgb_seed42                          -0.1267 [-0.1526, -0.1027]  p_holm 0.0000
  lstm_selL_seed42 - lstm_L0_seed42                +0.0172 [+0.0034, +0.0323]  p_holm 0.1400
  transformer_selL_seed42 - transformer_L0_seed42  +0.0166 [+0.0018, +0.0318]  p_holm 0.1560

PRESPECIFIED MECHANISM TEST (frozen before test evaluation): D = -0.0008, one-sided 95% lower bound -0.0043 -> H1 NOT supported
(456s)
