/workspace/step01_prepare_data.py:59: PerformanceWarning: DataFrame is highly fragmented.  This is usually the result of calling `frame.insert` many times, which has poor performance.  Consider joining all columns at once using pd.concat(axis=1) instead. To get a de-fragmented frame, use `newframe = frame.copy()`
  df["key_id"], _ = pd.factorize(key, sort=True)
Loaded 590,540 rows | fraud rate 0.0350 | keys 14,893
/workspace/step01_prepare_data.py:274: PerformanceWarning: DataFrame is highly fragmented.  This is usually the result of calling `frame.insert` many times, which has poor performance.  Consider joining all columns at once using pd.concat(axis=1) instead. To get a de-fragmented frame, use `newframe = frame.copy()`
  df["split"] = chrono_split(dt, a.train_frac, a.val_frac, a.gap_days)
Engineered 14 past-only features (33s)
Truncation test @ end of train: PASSED
Truncation test @ end of val: PASSED
/workspace/step01_prepare_data.py:208: Pandas4Warning: Constructing a Categorical with a dtype and values containing non-null entries not in that dtype's categories is deprecated and will raise in a future version.
  X[c] = pd.Categorical(X[c].astype(str).where(X[c].notna(), None),
/workspace/step01_prepare_data.py:208: Pandas4Warning: Constructing a Categorical with a dtype and values containing non-null entries not in that dtype's categories is deprecated and will raise in a future version.
  X[c] = pd.Categorical(X[c].astype(str).where(X[c].notna(), None),
/workspace/step01_prepare_data.py:208: Pandas4Warning: Constructing a Categorical with a dtype and values containing non-null entries not in that dtype's categories is deprecated and will raise in a future version.
  X[c] = pd.Categorical(X[c].astype(str).where(X[c].notna(), None),
/workspace/step01_prepare_data.py:208: Pandas4Warning: Constructing a Categorical with a dtype and values containing non-null entries not in that dtype's categories is deprecated and will raise in a future version.
  X[c] = pd.Categorical(X[c].astype(str).where(X[c].notna(), None),
{
 "train": {
  "n": 354324,
  "n_fraud": 11988,
  "fraud_rate": 0.03383344057980831,
  "day_min": 1.0,
  "day_max": 101.22
 },
 "val": {
  "n": 118108,
  "n_fraud": 4611,
  "fraud_rate": 0.03904053916754157,
  "day_min": 101.22,
  "day_max": 141.12
 },
 "test": {
  "n": 118108,
  "n_fraud": 4064,
  "fraud_rate": 0.034409184813899145,
  "day_min": 141.12,
  "day_max": 183.0
 }
}
Leakage audit passed: True  (300s total)
